// Jest Snapshot v1, https://goo.gl/fbAQLP

exports[`EndpointTitle Styles should match snapshot 1`] = `
<div>
  <div
    class="flex gap-x-2 rounded border border-gray-200 bg-gray-50 p-1 text-xs md:text-sm dark:border-white/10 dark:bg-white/10"
  >
    <code
      class="min-w-[4rem] rounded-xs px-2 py-0.5 text-center uppercase bg-green-100 text-green-800 dark:bg-green-950 dark:text-green-400"
    >
      GET
    </code>
    <code
      class="text-primary font-bold dark:text-white/80"
    >
      /Posts
    </code>
  </div>
</div>
`;
