// Jest Snapshot v1, https://goo.gl/fbAQLP

exports[`PostCard should match snapshot 1`] = `
<div>
  <div
    class="flex h-auto w-full flex-col gap-2 rounded-lg border p-3 border-gray-200 hover:cursor-pointer hover:bg-gray-100 dark:border-white/10 dark:hover:bg-white/10"
  >
    <span
      class="text-base leading-7 font-medium capitalize md:text-sm md:leading-6"
    >
      post card test
    </span>
    <p
      class="text-primary/70 text-sm leading-6 font-normal normal-case md:text-xs md:leading-5 dark:text-white/70"
    >
      post card test body
      .
    </p>
  </div>
</div>
`;
